// Jest Snapshot v1, https://goo.gl/fbAQLP

exports[`test Render as spected 1`] = `"<div><div class=\\"grid-1-2\\"><div class=\\"card\\"><div style=\\"display: flex; justify-content: space-between; align-items: center;\\"><img alt=\\"Bitcoin\\" class=\\"coin-logo\\"><h2>$0.00</h2></div><br><div style=\\"margin-top: 20px;\\"><div class=\\"gray-card property\\"><strong>Market Cap</strong><strong><span>$0.00</span></strong></div><div class=\\"gray-card property\\"><strong>Circulating Supply</strong><strong><span>$0.00</span></strong></div><div class=\\"gray-card property\\"><strong>Total Volume</strong><strong><span>$0.00</span></strong></div></div><br><div><div class=\\"gray-pill\\"><a href=\\"inverte.io\\">inverte.io</a></div><div class=\\"gray-pill\\">Wallet:&nbsp;<a href=\\"https://inverte.io\\">Inverte</a></div><div class=\\"gray-pill\\"><a href=\\"g\\">Github</a></div><div class=\\"gray-pill\\">Coin</div></div></div><div><canvas height=\\"0\\" width=\\"0\\" style=\\"display: block;\\" class=\\"chartjs-render-monitor\\"></canvas><p class=\\"gray-card\\" style=\\"margin-top: 40px;\\"></p></div></div></div>"`;
