// Jest Snapshot v1, https://goo.gl/fbAQLP

exports[`test Render as spected 1`] = `"<div><footer><em>Developed by Elbert Corniell</em></footer></div>"`;
